test_actual_raw_ids_are_retained_not_reencoded_from_visible_text (__main__.CompareQualityFixtureTests.test_actual_raw_ids_are_retained_not_reencoded_from_visible_text) ... ok
test_binary_or_identity_hash_mismatch_is_explicit (__main__.CompareQualityFixtureTests.test_binary_or_identity_hash_mismatch_is_explicit) ... ok
test_bool_negative_or_missing_actual_token_ids_are_not_valid_integers (__main__.CompareQualityFixtureTests.test_bool_negative_or_missing_actual_token_ids_are_not_valid_integers) ... ok
test_buffer_override_gate_is_scoped_to_distinct_ab_candidate (__main__.CompareQualityFixtureTests.test_buffer_override_gate_is_scoped_to_distinct_ab_candidate) ... ok
test_buffered_prefix_is_not_misclassified_by_unbuffered_zero_reason (__main__.CompareQualityFixtureTests.test_buffered_prefix_is_not_misclassified_by_unbuffered_zero_reason) ... ok
test_crlf_artifact_requires_receipt_and_content_hash_uses_sse_model_bytes (__main__.CompareQualityFixtureTests.test_crlf_artifact_requires_receipt_and_content_hash_uses_sse_model_bytes) ... ok
test_duplicate_or_missing_final_diagnostics_are_rejected (__main__.CompareQualityFixtureTests.test_duplicate_or_missing_final_diagnostics_are_rejected) ... ok
test_exact_artifact_without_new_metadata_flag_or_legacy_receipt_is_unproven (__main__.CompareQualityFixtureTests.test_exact_artifact_without_new_metadata_flag_or_legacy_receipt_is_unproven) ... ok
test_explicit_provenance_selects_checked_retry_admission_not_initial_failure (__main__.CompareQualityFixtureTests.test_explicit_provenance_selects_checked_retry_admission_not_initial_failure) ... ok
test_formal_evaluator_fails_invalid_quality_and_checks_saved_hashes (__main__.CompareQualityFixtureTests.test_formal_evaluator_fails_invalid_quality_and_checks_saved_hashes) ... ok
test_legacy_run_without_launch_admission_uses_legacy_receipt (__main__.CompareQualityFixtureTests.test_legacy_run_without_launch_admission_uses_legacy_receipt) ... ok
test_manifest_prompt_hash_mismatch_is_explicit (__main__.CompareQualityFixtureTests.test_manifest_prompt_hash_mismatch_is_explicit) ... ok
test_missing_run_prompt_is_incomplete_not_pass (__main__.CompareQualityFixtureTests.test_missing_run_prompt_is_incomplete_not_pass) ... ok
test_numeric_run_id_resolution_is_scoped_to_manifest_date (__main__.CompareQualityFixtureTests.test_numeric_run_id_resolution_is_scoped_to_manifest_date) ... ok
test_present_but_null_launch_provenance_does_not_fallback (__main__.CompareQualityFixtureTests.test_present_but_null_launch_provenance_does_not_fallback) ... ok
test_provenance_path_escape_is_rejected_without_legacy_fallback (__main__.CompareQualityFixtureTests.test_provenance_path_escape_is_rejected_without_legacy_fallback) ... ok
test_provenance_with_bad_process_hash_is_unknown (__main__.CompareQualityFixtureTests.test_provenance_with_bad_process_hash_is_unknown) ... ok
test_repeatable_dense_sources_preserve_every_path_and_order (__main__.CompareQualityFixtureTests.test_repeatable_dense_sources_preserve_every_path_and_order) ... ok
test_repeated_scalar_or_missing_dense_path_is_incomplete (__main__.CompareQualityFixtureTests.test_repeated_scalar_or_missing_dense_path_is_incomplete) ... ok
test_requests_repeat_count_shortfall_is_reported (__main__.CompareQualityFixtureTests.test_requests_repeat_count_shortfall_is_reported) ... ok
test_resource_window_is_streamed_and_marks_commit_scope_unknown (__main__.CompareQualityFixtureTests.test_resource_window_is_streamed_and_marks_commit_scope_unknown) ... ok
test_tampered_retry_admission_invalidates_launch_proof (__main__.CompareQualityFixtureTests.test_tampered_retry_admission_invalidates_launch_proof) ... ok
test_three_of_nine_is_not_vacuous_and_full_27_pair_fixture_stays_positive (__main__.CompareQualityFixtureTests.test_three_of_nine_is_not_vacuous_and_full_27_pair_fixture_stays_positive) ... ok
test_validate_only_writes_nothing_and_output_is_exclusive (__main__.CompareQualityFixtureTests.test_validate_only_writes_nothing_and_output_is_exclusive) ... output already exists
ok

----------------------------------------------------------------------
Ran 24 tests in 0.156s

OK
{"status": "incomplete", "accepted": false, "output_written": false, "offline_only": true}
